docker :  Image clinical-quality-pipeline-demo Building 
At line:6 char:1
+ docker compose run --build --rm demo 2>&1 | Out-File -Encoding utf8 e ...
+ ~~~~~~~~~~~~~~~~~~~~~~~~~~~~~~~~~~~~~~~~~
    + CategoryInfo          : NotSpecified: ( Image clinical...-demo Building :String) [], RemoteException
    + FullyQualifiedErrorId : NativeCommandError
 
#1 [internal] load local bake definitions
#1 reading from stdin 587B 0.0s done
#1 DONE 0.0s

#2 [internal] load build definition from Dockerfile
#2 transferring dockerfile: 545B done
#2 DONE 0.0s

#3 [internal] load metadata for docker.io/library/python:3.12-slim
#3 DONE 0.3s

#4 [internal] load .dockerignore
#4 transferring context: 2B done
#4 DONE 0.0s

#5 [1/6] FROM docker.io/library/python:3.12-slim@sha256:f77ac9e44ae96ef2c90b8053ea08c31f8be030f824196b0ae4db6d462c84e51f
#5 resolve docker.io/library/python:3.12-slim@sha256:f77ac9e44ae96ef2c90b8053ea08c31f8be030f824196b0ae4db6d462c84e51f 0.0s done
#5 DONE 0.0s

#6 [internal] load build context
#6 transferring context: 202B done
#6 DONE 0.0s

#7 [5/6] COPY clinical_pipeline.py gx_check.py demo.py test_pipeline.py test_gx.py ./
#7 CACHED

#8 [2/6] WORKDIR /app
#8 CACHED

#9 [4/6] RUN pip install --no-cache-dir -r requirements.txt
#9 CACHED

#10 [3/6] COPY requirements.txt ./
#10 CACHED

#11 [6/6] RUN useradd --create-home --uid 10001 runner && mkdir -p /app/evidence /app/data && chown -R runner:runner /app
#11 CACHED

#12 exporting to image
#12 exporting layers done
#12 exporting manifest sha256:75c54b865d881ee1301721027f785a326de316528387f313b31ce921e7ceddb8 0.0s done
#12 exporting config sha256:195f8b839a01e3fb8e991a3aa69d0577f9e83287d3443a81409ce27387910527 0.0s done
#12 exporting attestation manifest sha256:c03cdb66cbae87683c52ed33e2c7541c3909610c940737643c494cc14354e088
#12 exporting attestation manifest sha256:c03cdb66cbae87683c52ed33e2c7541c3909610c940737643c494cc14354e088 0.0s done
#12 exporting manifest list sha256:82550e458124b60416a95acc2406029916d3a99a7a49cf415895588f220d3daf 0.0s done
#12 naming to docker.io/library/clinical-quality-pipeline-demo:latest done
#12 unpacking to docker.io/library/clinical-quality-pipeline-demo:latest 0.0s done
#12 DONE 0.2s

#13 resolving provenance for metadata file
#13 DONE 0.0s
 Image clinical-quality-pipeline-demo Built 
 Container clinical-quality-pipeline-demo-run-5f548bb2251b Creating 
 Container clinical-quality-pipeline-demo-run-5f548bb2251b Created 

Calculating Metrics:   0%|          | 0/70 [00:00<?, ?it/s]
Calculating Metrics:   0%|          | 0/70 [00:00<?, ?it/s]
Calculating Metrics:   3%|▎         | 2/70 [00:00<00:00, 6218.39it/s]
Calculating Metrics:   3%|▎         | 2/70 [00:00<00:00, 3881.82it/s]
Calculating Metrics:   4%|▍         | 3/70 [00:00<00:00, 5115.00it/s]
Calculating Metrics:   4%|▍         | 3/70 [00:00<00:00, 4114.75it/s]
Calculating Metrics:  26%|██▌       | 18/70 [00:00<00:00, 1865.70it/s]
Calculating Metrics:  26%|██▌       | 18/70 [00:00<00:00, 1832.82it/s]
Calculating Metrics: 100%|██████████| 70/70 [00:00<00:00, 3142.88it/s]
Calculating Metrics: 100%|██████████| 70/70 [00:00<00:00, 3122.52it/s]
Calculating Metrics: 100%|██████████| 70/70 [00:00<00:00, 3112.85it/s]
Calculating Metrics: 100%|██████████| 70/70 [00:00<00:00, 3102.66it/s]

Calculating Metrics:   0%|          | 0/23 [00:00<?, ?it/s]
Calculating Metrics:   0%|          | 0/23 [00:00<?, ?it/s]
Calculating Metrics:   9%|▊         | 2/23 [00:00<00:00, 10305.42it/s]
Calculating Metrics:   9%|▊         | 2/23 [00:00<00:00, 6657.63it/s] 
Calculating Metrics:  13%|█▎        | 3/23 [00:00<00:00, 6714.47it/s]
Calculating Metrics:  13%|█▎        | 3/23 [00:00<00:00, 4858.27it/s]
Calculating Metrics:  35%|███▍      | 8/23 [00:00<00:00, 1939.34it/s]
Calculating Metrics:  35%|███▍      | 8/23 [00:00<00:00, 1890.82it/s]
Calculating Metrics: 100%|██████████| 23/23 [00:00<00:00, 2783.78it/s]
Calculating Metrics: 100%|██████████| 23/23 [00:00<00:00, 2703.58it/s]
Calculating Metrics: 100%|██████████| 23/23 [00:00<00:00, 2684.54it/s]
Calculating Metrics: 100%|██████████| 23/23 [00:00<00:00, 2667.84it/s]
{
  "environment": {
    "python": "3.12.14",
    "platform": "Linux-6.18.33.2-microsoft-standard-WSL2-x86_64-with-glibc2.41",
    "duckdb": "1.4.4"
  },
  "scope": "Synthetic local DuckDB demo; no Docker/Airflow runtime verification",
  "baseline_seconds": 0.1902,
  "input_rows_per_second": 10554.75,
  "same_input_same_snapshot": true,
  "late_arrival_matches_baseline": true,
  "rollback_preserves_snapshot": {
    "after_delete": true,
    "after_insert": true
  },
  "retry_matches_baseline": true,
  "run_status_counts": {
    "FAILED": 2,
    "COMMITTED": 5
  },
  "great_expectations_audit": {
    "batch_date": "2026-09-25",
    "success": true,
    "failed": [],
    "measurement_snapshot": {
      "evaluated": 13,
      "passed": 13
    },
    "patient_snapshot": {
      "evaluated": 3,
      "passed": 3
    }
  }
}
